{
  "version": "1.5.0",
  "plugins_used": [
    {
      "name": "ArtifactoryDetector"
    },
    {
      "name": "AWSKeyDetector"
    },
    {
      "name": "AzureStorageKeyDetector"
    },
    {
      "name": "Base64HighEntropyString",
      "limit": 4.5
    },
    {
      "name": "BasicAuthDetector"
    },
    {
      "name": "CloudantDetector"
    },
    {
      "name": "DiscordBotTokenDetector"
    },
    {
      "name": "GitHubTokenDetector"
    },
    {
      "name": "GitLabTokenDetector"
    },
    {
      "name": "HexHighEntropyString",
      "limit": 3.0
    },
    {
      "name": "IbmCloudIamDetector"
    },
    {
      "name": "IbmCosHmacDetector"
    },
    {
      "name": "IPPublicDetector"
    },
    {
      "name": "JwtTokenDetector"
    },
    {
      "name": "KeywordDetector",
      "keyword_exclude": ""
    },
    {
      "name": "MailchimpDetector"
    },
    {
      "name": "NpmDetector"
    },
    {
      "name": "OpenAIDetector"
    },
    {
      "name": "PrivateKeyDetector"
    },
    {
      "name": "PypiTokenDetector"
    },
    {
      "name": "SendGridDetector"
    },
    {
      "name": "SlackDetector"
    },
    {
      "name": "SoftlayerDetector"
    },
    {
      "name": "SquareOAuthDetector"
    },
    {
      "name": "StripeDetector"
    },
    {
      "name": "TelegramBotTokenDetector"
    },
    {
      "name": "TwilioKeyDetector"
    }
  ],
  "filters_used": [
    {
      "path": "detect_secrets.filters.allowlist.is_line_allowlisted"
    },
    {
      "path": "detect_secrets.filters.common.is_baseline_file",
      "filename": ".secrets.baseline"
    },
    {
      "path": "detect_secrets.filters.common.is_ignored_due_to_verification_policies",
      "min_level": 2
    },
    {
      "path": "detect_secrets.filters.heuristic.is_indirect_reference"
    },
    {
      "path": "detect_secrets.filters.heuristic.is_likely_id_string"
    },
    {
      "path": "detect_secrets.filters.heuristic.is_lock_file"
    },
    {
      "path": "detect_secrets.filters.heuristic.is_not_alphanumeric_string"
    },
    {
      "path": "detect_secrets.filters.heuristic.is_potential_uuid"
    },
    {
      "path": "detect_secrets.filters.heuristic.is_prefixed_with_dollar_sign"
    },
    {
      "path": "detect_secrets.filters.heuristic.is_sequential_string"
    },
    {
      "path": "detect_secrets.filters.heuristic.is_swagger_file"
    },
    {
      "path": "detect_secrets.filters.heuristic.is_templated_secret"
    },
    {
      "path": "detect_secrets.filters.regex.should_exclude_file",
      "pattern": [
        "(^|/)pnpm-lock\\.yaml$"
      ]
    }
  ],
  "results": {
    ".env.example": [
      {
        "type": "Basic Auth Credentials",
        "filename": ".env.example",
        "hashed_secret": "f7956b2763e6ff1741381e063233bb4d3c512568",
        "is_verified": false,
        "line_number": 22
      }
    ],
    ".github/workflows/ci.yml": [
      {
        "type": "Secret Keyword",
        "filename": ".github/workflows/ci.yml",
        "hashed_secret": "f7956b2763e6ff1741381e063233bb4d3c512568",
        "is_verified": false,
        "line_number": 37
      },
      {
        "type": "Basic Auth Credentials",
        "filename": ".github/workflows/ci.yml",
        "hashed_secret": "f7956b2763e6ff1741381e063233bb4d3c512568",
        "is_verified": false,
        "line_number": 49
      }
    ],
    "backend/alembic.ini": [
      {
        "type": "Basic Auth Credentials",
        "filename": "backend/alembic.ini",
        "hashed_secret": "f7956b2763e6ff1741381e063233bb4d3c512568",
        "is_verified": false,
        "line_number": 5
      }
    ],
    "backend/migrations/versions/0008_proposal_upstream_provenance.py": [
      {
        "type": "Hex High Entropy String",
        "filename": "backend/migrations/versions/0008_proposal_upstream_provenance.py",
        "hashed_secret": "6c30347d0814cdb0695889f5208545f8dc46deeb",
        "is_verified": false,
        "line_number": 18
      }
    ],
    "backend/src/personal_travel/config.py": [
      {
        "type": "Basic Auth Credentials",
        "filename": "backend/src/personal_travel/config.py",
        "hashed_secret": "f7956b2763e6ff1741381e063233bb4d3c512568",
        "is_verified": false,
        "line_number": 45
      }
    ],
    "backend/src/personal_travel/domain/upstream_extractions.py": [
      {
        "type": "Hex High Entropy String",
        "filename": "backend/src/personal_travel/domain/upstream_extractions.py",
        "hashed_secret": "f79d119e1284f303da161c4e8999ad79fca39aba",
        "is_verified": false,
        "line_number": 10
      }
    ],
    "backend/src/personal_travel/domain/upstream_proposals.py": [
      {
        "type": "Hex High Entropy String",
        "filename": "backend/src/personal_travel/domain/upstream_proposals.py",
        "hashed_secret": "4239c3fe712acc2e26c6ae2ad92078ead63f9da1",
        "is_verified": false,
        "line_number": 18
      }
    ],
    "backend/tests/test_alembic_config.py": [
      {
        "type": "Basic Auth Credentials",
        "filename": "backend/tests/test_alembic_config.py",
        "hashed_secret": "f5592f2e12a03812f94594899ae143bd47b01671",
        "is_verified": false,
        "line_number": 10
      }
    ],
    "backend/tests/test_auth_deadlines.py": [
      {
        "type": "Secret Keyword",
        "filename": "backend/tests/test_auth_deadlines.py",
        "hashed_secret": "aec82ca436d52749e98f239dc4c30fdca82e568c",
        "is_verified": false,
        "line_number": 38
      }
    ],
    "backend/tests/test_auth_sessions_postgres.py": [
      {
        "type": "Secret Keyword",
        "filename": "backend/tests/test_auth_sessions_postgres.py",
        "hashed_secret": "8a2c6c4d81f08dbf5485f232c38480c49bce78e4",
        "is_verified": false,
        "line_number": 40
      }
    ],
    "backend/tests/test_auth_uvicorn_deadline.py": [
      {
        "type": "Secret Keyword",
        "filename": "backend/tests/test_auth_uvicorn_deadline.py",
        "hashed_secret": "aec82ca436d52749e98f239dc4c30fdca82e568c",
        "is_verified": false,
        "line_number": 40
      }
    ],
    "backend/tests/test_booking_imports.py": [
      {
        "type": "Secret Keyword",
        "filename": "backend/tests/test_booking_imports.py",
        "hashed_secret": "aec82ca436d52749e98f239dc4c30fdca82e568c",
        "is_verified": false,
        "line_number": 67
      },
      {
        "type": "Hex High Entropy String",
        "filename": "backend/tests/test_booking_imports.py",
        "hashed_secret": "f79d119e1284f303da161c4e8999ad79fca39aba",
        "is_verified": false,
        "line_number": 297
      }
    ],
    "backend/tests/test_geoapify_client.py": [
      {
        "type": "Secret Keyword",
        "filename": "backend/tests/test_geoapify_client.py",
        "hashed_secret": "3acfb2c2b433c0ea7ff107e33df91b18e52f960f",
        "is_verified": false,
        "line_number": 42
      }
    ],
    "backend/tests/test_google_oidc_verification.py": [
      {
        "type": "Secret Keyword",
        "filename": "backend/tests/test_google_oidc_verification.py",
        "hashed_secret": "aec82ca436d52749e98f239dc4c30fdca82e568c",
        "is_verified": false,
        "line_number": 40
      }
    ],
    "backend/tests/test_personal_ai_client.py": [
      {
        "type": "Secret Keyword",
        "filename": "backend/tests/test_personal_ai_client.py",
        "hashed_secret": "a1f7c830112af5f31e2c425ab8992645dc0d41cc",
        "is_verified": false,
        "line_number": 132
      }
    ],
    "backend/tests/test_phase4_contracts.py": [
      {
        "type": "Basic Auth Credentials",
        "filename": "backend/tests/test_phase4_contracts.py",
        "hashed_secret": "5baa61e4c9b93f3f0682250b6cf8331b7ee68fd8",
        "is_verified": false,
        "line_number": 116
      }
    ],
    "backend/tests/test_provider_admission.py": [
      {
        "type": "Secret Keyword",
        "filename": "backend/tests/test_provider_admission.py",
        "hashed_secret": "aec82ca436d52749e98f239dc4c30fdca82e568c",
        "is_verified": false,
        "line_number": 216
      }
    ],
    "backend/tests/test_review_migrations.py": [
      {
        "type": "Hex High Entropy String",
        "filename": "backend/tests/test_review_migrations.py",
        "hashed_secret": "6c30347d0814cdb0695889f5208545f8dc46deeb",
        "is_verified": false,
        "line_number": 210
      }
    ],
    "backend/tests/test_secure_backup.py": [
      {
        "type": "Basic Auth Credentials",
        "filename": "backend/tests/test_secure_backup.py",
        "hashed_secret": "b9a870d232274ec42b16315e6a8d03a3d806435c",
        "is_verified": false,
        "line_number": 21
      },
      {
        "type": "Secret Keyword",
        "filename": "backend/tests/test_secure_backup.py",
        "hashed_secret": "36b6eb5faf7cff16f3ecabbaed5480becc4f733d",
        "is_verified": false,
        "line_number": 25
      }
    ],
    "backend/tests/test_secure_sources.py": [
      {
        "type": "Secret Keyword",
        "filename": "backend/tests/test_secure_sources.py",
        "hashed_secret": "aec82ca436d52749e98f239dc4c30fdca82e568c",
        "is_verified": false,
        "line_number": 41
      },
      {
        "type": "Secret Keyword",
        "filename": "backend/tests/test_secure_sources.py",
        "hashed_secret": "df77a6b3e1381f280f62cc2eceea74ec575efde6",
        "is_verified": false,
        "line_number": 970
      }
    ],
    "docker-compose.yml": [
      {
        "type": "Secret Keyword",
        "filename": "docker-compose.yml",
        "hashed_secret": "f7956b2763e6ff1741381e063233bb4d3c512568",
        "is_verified": false,
        "line_number": 7
      }
    ],
    "docs/07-local-development.md": [
      {
        "type": "Basic Auth Credentials",
        "filename": "docs/07-local-development.md",
        "hashed_secret": "f7956b2763e6ff1741381e063233bb4d3c512568",
        "is_verified": false,
        "line_number": 241
      }
    ],
    "docs/runbooks/phase-9-operations.md": [
      {
        "type": "Basic Auth Credentials",
        "filename": "docs/runbooks/phase-9-operations.md",
        "hashed_secret": "f7956b2763e6ff1741381e063233bb4d3c512568",
        "is_verified": false,
        "line_number": 153
      }
    ],
    "frontend/components/trip-workspace/proposal-lifecycle-fixture.tsx": [
      {
        "type": "Hex High Entropy String",
        "filename": "frontend/components/trip-workspace/proposal-lifecycle-fixture.tsx",
        "hashed_secret": "4239c3fe712acc2e26c6ae2ad92078ead63f9da1",
        "is_verified": false,
        "line_number": 86
      }
    ],
    "frontend/tests/proxy.test.mjs": [
      {
        "type": "Hex High Entropy String",
        "filename": "frontend/tests/proxy.test.mjs",
        "hashed_secret": "24fa1fc24fe90680fbab24833b1756260cdce1a6",
        "is_verified": false,
        "line_number": 95
      }
    ]
  },
  "generated_at": "2026-10-08T18:36:53Z"
}
